// Jest Snapshot v1, https://goo.gl/fbAQLP

exports[`FilmDescription test renders correctly 1`] = `
<Provider
  store={
    Object {
      "clearActions": [Function],
      "dispatch": [Function],
      "getActions": [Function],
      "getState": [Function],
      "replaceReducer": [Function],
      "subscribe": [Function],
    }
  }
>
  <FilmDescription
    match={
      Object {
        "params": Object {
          "id": "337167",
        },
      }
    }
  >
    <div
      className="film-description"
    >
      <div
        className="film-description__image-wrapper"
      >
        <img
          alt="Fifty Shades Freed"
          className="film-description__image"
          onError={[Function]}
          src="https://image.tmdb.org/t/p/w500/3kcEGnYBHDeqmdYf8ZRbKdfmlUy.jpg"
        />
      </div>
      <div
        className="film-description__info-wrapper"
      >
        <div
          className="film-description__title-wrapper"
        >
          <h2
            className="film-description__title"
          >
            Fifty Shades Freed
          </h2>
          <div
            className="film-description__rating"
          >
            6.1
          </div>
        </div>
        <small
          className="film-description__tagline"
        >
          Don't miss the climax
        </small>
        <div
          className="film-description__year-wrapper"
        >
          <span
            className="film-description__year"
          >
            2018
          </span>
          <span
            className="film-description__runtime"
          >
            106 min
          </span>
        </div>
        <p
          className="film-description__narration"
        >
          Believing they have left behind shadowy figures from their past, newlyweds Christian and Ana fully embrace an inextricable connection and shared life of luxury. But just as she steps into her role as Mrs. Grey and he relaxes into an unfamiliar stability, new threats could jeopardize their happy ending before it even begins.
        </p>
      </div>
    </div>
  </FilmDescription>
</Provider>
`;
