// Jest Snapshot v1, https://goo.gl/fbAQLP

exports[`OptionChooser test renders correctly 1`] = `
<div
  className="option-chooser-wrapper"
>
  <input
    checked={true}
    className="option-chooser__option"
    id="releaseDate"
    name="sortBy"
    onChange={[Function]}
    type="radio"
    value="releaseDate"
  />
  <label
    className="option-chooser__label"
    htmlFor="releaseDate"
  >
    RELEASE DATE
  </label>
  <input
    checked={false}
    className="option-chooser__option"
    id="rating"
    name="sortBy"
    onChange={[Function]}
    type="radio"
    value="rating"
  />
  <label
    className="option-chooser__label"
    htmlFor="rating"
  >
    RATING
  </label>
</div>
`;
