// Jest Snapshot v1, https://goo.gl/fbAQLP

exports[`GalleryCard test renders correctly 1`] = `
<div
  className="gallery-card"
>
  <img
    alt="Star Wars: The Last Jedi"
    className="gallery-card__image"
    src="https://image.tmdb.org/t/p/w500/kOVEVeg59E0wsnXmF9nrh6OmWII.jpg"
  />
  <div
    className="gallery-card__description-line"
  >
    <span
      className="gallery-card__name"
    >
      Star Wars: The Last Jedi
    </span>
    <span
      className="gallery-card__year"
    >
      2017
    </span>
  </div>
  <small
    className="gallery-card__genre"
  >
    Fantasy 
    Adventure 
    Science Fiction 
  </small>
</div>
`;
