// Jest Snapshot v1, https://goo.gl/fbAQLP

exports[`Component test example renders correctly 1`] = `
<div
  className="film-search-wrapper"
>
  <h2
    className="film-search__title"
  >
    FIND YOUR MOVIE
  </h2>
  <div
    className="film-search__panel"
  >
    <TextInput />
    <Button />
  </div>
  <div
    className="film-search__filter"
  >
    <span
      className="film-search__filter-title"
    >
      SEARCH BY
    </span>
    <OptionChooser />
  </div>
</div>
`;
