// Jest Snapshot v1, https://goo.gl/fbAQLP

exports[`FilmSearchComponent test renders correctly 1`] = `
<div
  className="film-search-wrapper"
>
  <h2
    className="film-search__title"
  >
    FIND YOUR MOVIE
  </h2>
  <div
    className="film-search__panel"
  >
    <TextInput
      defaultValue=""
      onChangeCallback={[MockFunction]}
      placeholder="Enter the data"
      type="text"
    />
    <Link
      to="/search/Search  "
    >
      <Button
        additionalClassName="btn--large"
        name="SEARCH"
        onClickCallback={[MockFunction]}
        type="button"
      />
    </Link>
  </div>
  <div
    className="film-search__filter"
  >
    <span
      className="film-search__filter-title"
    >
      SEARCH BY
    </span>
    <OptionChooser
      defaultValue=""
      onChangeCallback={[MockFunction]}
      optionsConfig={
        Array [
          Object {
            "name": "searchType",
            "radioBtnName": "TITLE",
            "value": "title",
          },
          Object {
            "name": "searchType",
            "radioBtnName": "GENRE",
            "value": "genres",
          },
        ]
      }
    />
  </div>
</div>
`;
